
    at tests/fixtures-class/macro-error/template.marko:1:1
    > 1 | <macro-body|a| x=1>hi</>
        | ^^^^^^^^^^^^^^^^^^^^^^^^ The <macro-body> tag can only be used inside a <macro> tag.
      2 |


    at tests/fixtures-class/macro-error/template.marko:1:16
    > 1 | <macro-body|a| x=1>hi</>
        |                ^^^ The <macro-body> tag does not support attributes.
      2 |


    at tests/fixtures-class/macro-error/template.marko:1:13
    > 1 | <macro-body|a| x=1>hi</>
        |             ^ The <macro-body> tag does not support params.
      2 |


    at tests/fixtures-class/macro-error/template.marko:1:20
    > 1 | <macro-body|a| x=1>hi</>
        |                    ^^ The <macro-body> tag does not support children.
      2 |