tests/fixtures-widget/script-marko-init-errors/template.marko:2:20: Unexpected token