tests/fixtures-widget/assign-tag-no-value-error/template.marko:1:1: The <assign> tag requires a value.